[2025-06-12 19:15:24,955: INFO/MainProcess] Task process_folder[47a268dc-e4c6-4500-a315-982f5651d7d8] received
[2025-06-12 19:15:24,998: INFO/ForkPoolWorker-31] Creating project.yml at /Users/dtubb/Desktop/Fichero_Output_luke/luke/project.yml
[2025-06-12 19:15:25,002: INFO/ForkPoolWorker-31] Using template from /Users/dtubb/code/fichero_main/fichero/src/fichero/resources/plans/plans.yml
[2025-06-12 19:15:25,003: INFO/ForkPoolWorker-31] Template exists: True
[2025-06-12 19:15:25,004: INFO/ForkPoolWorker-31] Folder path exists: True
[2025-06-12 19:15:25,005: INFO/ForkPoolWorker-31] Folder path is writable: True
[2025-06-12 19:15:25,006: INFO/ForkPoolWorker-31] Starting create_project_yml with:
[2025-06-12 19:15:25,009: INFO/ForkPoolWorker-31]   template_path: /Users/dtubb/code/fichero_main/fichero/src/fichero/resources/plans/plans.yml
[2025-06-12 19:15:25,009: INFO/ForkPoolWorker-31]   target_folder: /Users/dtubb/Desktop/Fichero_Output_luke/luke
[2025-06-12 19:15:25,010: INFO/ForkPoolWorker-31]   output_path: /Users/dtubb/Desktop/Fichero_Output_luke/luke/project.yml
[2025-06-12 19:15:25,010: INFO/ForkPoolWorker-31] Reading template file...
[2025-06-12 19:15:25,011: INFO/ForkPoolWorker-31] Template file read successfully
[2025-06-12 19:15:25,012: INFO/ForkPoolWorker-31] Updating project_folder to: /Users/dtubb/Desktop/Fichero_Output_luke/luke
[2025-06-12 19:15:25,013: INFO/ForkPoolWorker-31] Updating fichero_root to: /Users/dtubb/code/fichero_main/fichero
[2025-06-12 19:15:25,014: INFO/ForkPoolWorker-31] Writing project.yml to: /Users/dtubb/Desktop/Fichero_Output_luke/luke/project.yml
[2025-06-12 19:15:25,015: INFO/ForkPoolWorker-31] Project.yml written successfully
[2025-06-12 19:15:25,015: INFO/ForkPoolWorker-31] Project.yml created at /Users/dtubb/Desktop/Fichero_Output_luke/luke/project.yml
[2025-06-12 19:15:25,016: INFO/ForkPoolWorker-31] Project.yml exists after creation: True
[2025-06-12 19:15:25,092: INFO/ForkPoolWorker-31] Task process_folder[47a268dc-e4c6-4500-a315-982f5651d7d8] succeeded in 0.12116908398456872s: False
[2025-06-12 19:41:57,018: INFO/MainProcess] Task process_folder[afcd32e4-199b-4010-afd4-390d92d702d5] received
[2025-06-12 19:41:57,040: INFO/ForkPoolWorker-32] Creating project.yml at /Users/dtubb/Desktop/luke_output/luke/project.yml
[2025-06-12 19:41:57,042: INFO/ForkPoolWorker-32] Using template from /Users/dtubb/code/fichero_main/fichero/src/fichero/resources/plans/plans.yml
[2025-06-12 19:41:57,043: INFO/ForkPoolWorker-32] Template exists: True
[2025-06-12 19:41:57,044: INFO/ForkPoolWorker-32] Folder path exists: True
[2025-06-12 19:41:57,045: INFO/ForkPoolWorker-32] Folder path is writable: True
[2025-06-12 19:41:57,046: INFO/ForkPoolWorker-32] Starting create_project_yml with:
[2025-06-12 19:41:57,048: INFO/ForkPoolWorker-32]   template_path: /Users/dtubb/code/fichero_main/fichero/src/fichero/resources/plans/plans.yml
[2025-06-12 19:41:57,048: INFO/ForkPoolWorker-32]   target_folder: /Users/dtubb/Desktop/luke_output/luke
[2025-06-12 19:41:57,049: INFO/ForkPoolWorker-32]   output_path: /Users/dtubb/Desktop/luke_output/luke/project.yml
[2025-06-12 19:41:57,050: INFO/ForkPoolWorker-32] Reading template file...
[2025-06-12 19:41:57,051: INFO/ForkPoolWorker-32] Template file read successfully
[2025-06-12 19:41:57,051: INFO/ForkPoolWorker-32] Updating project_folder to: /Users/dtubb/Desktop/luke_output/luke
[2025-06-12 19:41:57,052: INFO/ForkPoolWorker-32] Updating fichero_root to: /Users/dtubb/code/fichero_main/fichero
[2025-06-12 19:41:57,052: INFO/ForkPoolWorker-32] Writing project.yml to: /Users/dtubb/Desktop/luke_output/luke/project.yml
[2025-06-12 19:41:57,053: INFO/ForkPoolWorker-32] Project.yml written successfully
[2025-06-12 19:41:57,054: INFO/ForkPoolWorker-32] Project.yml created at /Users/dtubb/Desktop/luke_output/luke/project.yml
[2025-06-12 19:41:57,055: INFO/ForkPoolWorker-32] Project.yml exists after creation: True
[2025-06-12 19:42:02,061: INFO/ForkPoolWorker-32] Task process_folder[afcd32e4-199b-4010-afd4-390d92d702d5] succeeded in 5.037873499997659s: False
[2025-06-12 19:45:08,845: INFO/MainProcess] Task process_folder[b2d1195e-bdec-4971-8ed8-21a8d31e009c] received
[2025-06-12 19:45:08,867: INFO/ForkPoolWorker-33] Creating project.yml at /Users/dtubb/Desktop/luke_output/luke/project.yml
[2025-06-12 19:45:08,869: INFO/ForkPoolWorker-33] Using template from /Users/dtubb/code/fichero_main/fichero/src/fichero/resources/plans/plans.yml
[2025-06-12 19:45:08,870: INFO/ForkPoolWorker-33] Template exists: True
[2025-06-12 19:45:08,870: INFO/ForkPoolWorker-33] Folder path exists: True
[2025-06-12 19:45:08,871: INFO/ForkPoolWorker-33] Folder path is writable: True
[2025-06-12 19:45:08,872: INFO/ForkPoolWorker-33] Starting create_project_yml with:
[2025-06-12 19:45:08,872: INFO/ForkPoolWorker-33]   template_path: /Users/dtubb/code/fichero_main/fichero/src/fichero/resources/plans/plans.yml
[2025-06-12 19:45:08,873: INFO/ForkPoolWorker-33]   target_folder: /Users/dtubb/Desktop/luke_output/luke
[2025-06-12 19:45:08,874: INFO/ForkPoolWorker-33]   output_path: /Users/dtubb/Desktop/luke_output/luke/project.yml
[2025-06-12 19:45:08,875: INFO/ForkPoolWorker-33] Reading template file...
[2025-06-12 19:45:08,875: INFO/ForkPoolWorker-33] Template file read successfully
[2025-06-12 19:45:08,876: INFO/ForkPoolWorker-33] Updating project_folder to: /Users/dtubb/Desktop/luke_output/luke
[2025-06-12 19:45:08,878: INFO/ForkPoolWorker-33] Updating fichero_root to: /Users/dtubb/code/fichero_main/fichero
[2025-06-12 19:45:08,879: INFO/ForkPoolWorker-33] Writing project.yml to: /Users/dtubb/Desktop/luke_output/luke/project.yml
[2025-06-12 19:45:08,880: INFO/ForkPoolWorker-33] Project.yml written successfully
[2025-06-12 19:45:08,881: INFO/ForkPoolWorker-33] Project.yml created at /Users/dtubb/Desktop/luke_output/luke/project.yml
[2025-06-12 19:45:08,882: INFO/ForkPoolWorker-33] Project.yml exists after creation: True
[2025-06-12 19:45:08,954: INFO/ForkPoolWorker-33] Task process_folder[b2d1195e-bdec-4971-8ed8-21a8d31e009c] succeeded in 0.10449008300201967s: False
[2025-06-12 19:46:21,861: INFO/MainProcess] Task process_folder[50770777-57e9-40ef-8e36-e8de9914c3e0] received
[2025-06-12 19:46:21,884: INFO/ForkPoolWorker-34] Creating project.yml at /Users/dtubb/Desktop/luke_output/luke/project.yml
[2025-06-12 19:46:21,886: INFO/ForkPoolWorker-34] Using template from /Users/dtubb/code/fichero_main/fichero/src/fichero/resources/plans/plans.yml
[2025-06-12 19:46:21,887: INFO/ForkPoolWorker-34] Template exists: True
[2025-06-12 19:46:21,888: INFO/ForkPoolWorker-34] Folder path exists: True
[2025-06-12 19:46:21,889: INFO/ForkPoolWorker-34] Folder path is writable: True
[2025-06-12 19:46:21,890: INFO/ForkPoolWorker-34] Starting create_project_yml with:
[2025-06-12 19:46:21,891: INFO/ForkPoolWorker-34]   template_path: /Users/dtubb/code/fichero_main/fichero/src/fichero/resources/plans/plans.yml
[2025-06-12 19:46:21,892: INFO/ForkPoolWorker-34]   target_folder: /Users/dtubb/Desktop/luke_output/luke
[2025-06-12 19:46:21,892: INFO/ForkPoolWorker-34]   output_path: /Users/dtubb/Desktop/luke_output/luke/project.yml
[2025-06-12 19:46:21,893: INFO/ForkPoolWorker-34] Reading template file...
[2025-06-12 19:46:21,893: INFO/ForkPoolWorker-34] Template file read successfully
[2025-06-12 19:46:21,894: INFO/ForkPoolWorker-34] Updating project_folder to: /Users/dtubb/Desktop/luke_output/luke
[2025-06-12 19:46:21,895: INFO/ForkPoolWorker-34] Updating fichero_root to: /Users/dtubb/code/fichero_main/fichero
[2025-06-12 19:46:21,896: INFO/ForkPoolWorker-34] Writing project.yml to: /Users/dtubb/Desktop/luke_output/luke/project.yml
[2025-06-12 19:46:21,897: INFO/ForkPoolWorker-34] Project.yml written successfully
[2025-06-12 19:46:21,897: INFO/ForkPoolWorker-34] Project.yml created at /Users/dtubb/Desktop/luke_output/luke/project.yml
[2025-06-12 19:46:21,898: INFO/ForkPoolWorker-34] Project.yml exists after creation: True
[2025-06-12 19:46:21,970: INFO/ForkPoolWorker-34] Task process_folder[50770777-57e9-40ef-8e36-e8de9914c3e0] succeeded in 0.10354933299822733s: False
[2025-06-12 19:46:29,403: INFO/MainProcess] Task process_folder[b3317187-4b7a-4c5c-af14-584e5f7de197] received
[2025-06-12 19:46:29,420: INFO/ForkPoolWorker-35] Creating project.yml at /Users/dtubb/Desktop/luke_output/luke/project.yml
[2025-06-12 19:46:29,422: INFO/ForkPoolWorker-35] Using template from /Users/dtubb/code/fichero_main/fichero/src/fichero/resources/plans/plans.yml
[2025-06-12 19:46:29,423: INFO/ForkPoolWorker-35] Template exists: True
[2025-06-12 19:46:29,424: INFO/ForkPoolWorker-35] Folder path exists: True
[2025-06-12 19:46:29,426: INFO/ForkPoolWorker-35] Folder path is writable: True
[2025-06-12 19:46:29,428: INFO/ForkPoolWorker-35] Starting create_project_yml with:
[2025-06-12 19:46:29,429: INFO/ForkPoolWorker-35]   template_path: /Users/dtubb/code/fichero_main/fichero/src/fichero/resources/plans/plans.yml
[2025-06-12 19:46:29,430: INFO/ForkPoolWorker-35]   target_folder: /Users/dtubb/Desktop/luke_output/luke
[2025-06-12 19:46:29,431: INFO/ForkPoolWorker-35]   output_path: /Users/dtubb/Desktop/luke_output/luke/project.yml
[2025-06-12 19:46:29,432: INFO/ForkPoolWorker-35] Reading template file...
[2025-06-12 19:46:29,434: INFO/ForkPoolWorker-35] Template file read successfully
[2025-06-12 19:46:29,441: INFO/ForkPoolWorker-35] Updating project_folder to: /Users/dtubb/Desktop/luke_output/luke
[2025-06-12 19:46:29,443: INFO/ForkPoolWorker-35] Updating fichero_root to: /Users/dtubb/code/fichero_main/fichero
[2025-06-12 19:46:29,445: INFO/ForkPoolWorker-35] Writing project.yml to: /Users/dtubb/Desktop/luke_output/luke/project.yml
[2025-06-12 19:46:29,446: INFO/ForkPoolWorker-35] Project.yml written successfully
[2025-06-12 19:46:29,447: INFO/ForkPoolWorker-35] Project.yml created at /Users/dtubb/Desktop/luke_output/luke/project.yml
[2025-06-12 19:46:29,447: INFO/ForkPoolWorker-35] Project.yml exists after creation: True
[2025-06-12 19:46:29,521: INFO/ForkPoolWorker-35] Task process_folder[b3317187-4b7a-4c5c-af14-584e5f7de197] succeeded in 0.11597587500000373s: False
[2025-06-12 19:47:55,777: INFO/MainProcess] Task process_folder[eeafdf4b-8646-442b-bf58-82f49da22dee] received
[2025-06-12 19:47:55,797: INFO/ForkPoolWorker-36] Creating project.yml at /Users/dtubb/Desktop/luke_output/luke/project.yml
[2025-06-12 19:47:55,798: INFO/ForkPoolWorker-36] Using template from /Users/dtubb/code/fichero_main/fichero/src/fichero/resources/plans/plans.yml
[2025-06-12 19:47:55,799: INFO/ForkPoolWorker-36] Template exists: True
[2025-06-12 19:47:55,800: INFO/ForkPoolWorker-36] Folder path exists: True
[2025-06-12 19:47:55,801: INFO/ForkPoolWorker-36] Folder path is writable: True
[2025-06-12 19:47:55,802: INFO/ForkPoolWorker-36] Starting create_project_yml with:
[2025-06-12 19:47:55,803: INFO/ForkPoolWorker-36]   template_path: /Users/dtubb/code/fichero_main/fichero/src/fichero/resources/plans/plans.yml
[2025-06-12 19:47:55,804: INFO/ForkPoolWorker-36]   target_folder: /Users/dtubb/Desktop/luke_output/luke
[2025-06-12 19:47:55,805: INFO/ForkPoolWorker-36]   output_path: /Users/dtubb/Desktop/luke_output/luke/project.yml
[2025-06-12 19:47:55,806: INFO/ForkPoolWorker-36] Reading template file...
[2025-06-12 19:47:55,807: INFO/ForkPoolWorker-36] Template file read successfully
[2025-06-12 19:47:55,807: INFO/ForkPoolWorker-36] Updating project_folder to: /Users/dtubb/Desktop/luke_output/luke
[2025-06-12 19:47:55,808: INFO/ForkPoolWorker-36] Updating fichero_root to: /Users/dtubb/code/fichero_main/fichero
[2025-06-12 19:47:55,809: INFO/ForkPoolWorker-36] Writing project.yml to: /Users/dtubb/Desktop/luke_output/luke/project.yml
[2025-06-12 19:47:55,810: INFO/ForkPoolWorker-36] Project.yml written successfully
[2025-06-12 19:47:55,811: INFO/ForkPoolWorker-36] Project.yml created at /Users/dtubb/Desktop/luke_output/luke/project.yml
[2025-06-12 19:47:55,811: INFO/ForkPoolWorker-36] Project.yml exists after creation: True
[2025-06-12 19:49:41,599: INFO/ForkPoolWorker-36] Task process_folder[eeafdf4b-8646-442b-bf58-82f49da22dee] succeeded in 105.73582854200504s: True
[2025-06-12 19:57:58,711: INFO/MainProcess] Task process_folder[3a252781-c139-4a55-af30-1244abf8be4d] received
[2025-06-12 19:57:58,745: INFO/ForkPoolWorker-37] Creating project.yml at /Users/dtubb/Desktop/Fichero_Output_luke/luke/project.yml
[2025-06-12 19:57:58,747: INFO/ForkPoolWorker-37] Using template from /Users/dtubb/code/fichero_main/fichero/src/fichero/resources/plans/plans.yml
[2025-06-12 19:57:58,747: INFO/ForkPoolWorker-37] Template exists: True
[2025-06-12 19:57:58,748: INFO/ForkPoolWorker-37] Folder path exists: True
[2025-06-12 19:57:58,749: INFO/ForkPoolWorker-37] Folder path is writable: True
[2025-06-12 19:57:58,750: INFO/ForkPoolWorker-37] Starting create_project_yml with:
[2025-06-12 19:57:58,751: INFO/ForkPoolWorker-37]   template_path: /Users/dtubb/code/fichero_main/fichero/src/fichero/resources/plans/plans.yml
[2025-06-12 19:57:58,751: INFO/ForkPoolWorker-37]   target_folder: /Users/dtubb/Desktop/Fichero_Output_luke/luke
[2025-06-12 19:57:58,753: INFO/ForkPoolWorker-37]   output_path: /Users/dtubb/Desktop/Fichero_Output_luke/luke/project.yml
[2025-06-12 19:57:58,753: INFO/ForkPoolWorker-37] Reading template file...
[2025-06-12 19:57:58,754: INFO/ForkPoolWorker-37] Template file read successfully
[2025-06-12 19:57:58,754: INFO/ForkPoolWorker-37] Updating project_folder to: /Users/dtubb/Desktop/Fichero_Output_luke/luke
[2025-06-12 19:57:58,757: INFO/ForkPoolWorker-37] Updating fichero_root to: /Users/dtubb/code/fichero_main/fichero
[2025-06-12 19:57:58,757: INFO/ForkPoolWorker-37] Writing project.yml to: /Users/dtubb/Desktop/Fichero_Output_luke/luke/project.yml
[2025-06-12 19:57:58,758: INFO/ForkPoolWorker-37] Project.yml written successfully
[2025-06-12 19:57:58,759: INFO/ForkPoolWorker-37] Project.yml created at /Users/dtubb/Desktop/Fichero_Output_luke/luke/project.yml
[2025-06-12 19:57:58,759: INFO/ForkPoolWorker-37] Project.yml exists after creation: True
[2025-06-12 19:59:44,013: INFO/ForkPoolWorker-37] Task process_folder[3a252781-c139-4a55-af30-1244abf8be4d] succeeded in 105.28668162500253s: True
[2025-06-12 20:00:12,176: INFO/MainProcess] Task process_folder[9a0565f4-aa58-422c-a047-7fd81a9e99de] received
[2025-06-12 20:00:12,200: INFO/ForkPoolWorker-38] Creating project.yml at /Users/dtubb/Desktop/Fichero_Output_luke/luke/project.yml
[2025-06-12 20:00:12,202: INFO/ForkPoolWorker-38] Using template from /Users/dtubb/code/fichero_main/fichero/src/fichero/resources/plans/plans.yml
[2025-06-12 20:00:12,203: INFO/ForkPoolWorker-38] Template exists: True
[2025-06-12 20:00:12,204: INFO/ForkPoolWorker-38] Folder path exists: True
[2025-06-12 20:00:12,205: INFO/ForkPoolWorker-38] Folder path is writable: True
[2025-06-12 20:00:12,206: INFO/ForkPoolWorker-38] Starting create_project_yml with:
[2025-06-12 20:00:12,207: INFO/ForkPoolWorker-38]   template_path: /Users/dtubb/code/fichero_main/fichero/src/fichero/resources/plans/plans.yml
[2025-06-12 20:00:12,207: INFO/ForkPoolWorker-38]   target_folder: /Users/dtubb/Desktop/Fichero_Output_luke/luke
[2025-06-12 20:00:12,208: INFO/ForkPoolWorker-38]   output_path: /Users/dtubb/Desktop/Fichero_Output_luke/luke/project.yml
[2025-06-12 20:00:12,209: INFO/ForkPoolWorker-38] Reading template file...
[2025-06-12 20:00:12,210: INFO/ForkPoolWorker-38] Template file read successfully
[2025-06-12 20:00:12,210: INFO/ForkPoolWorker-38] Updating project_folder to: /Users/dtubb/Desktop/Fichero_Output_luke/luke
[2025-06-12 20:00:12,211: INFO/ForkPoolWorker-38] Updating fichero_root to: /Users/dtubb/code/fichero_main/fichero
[2025-06-12 20:00:12,212: INFO/ForkPoolWorker-38] Writing project.yml to: /Users/dtubb/Desktop/Fichero_Output_luke/luke/project.yml
[2025-06-12 20:00:12,213: INFO/ForkPoolWorker-38] Project.yml written successfully
[2025-06-12 20:00:12,213: INFO/ForkPoolWorker-38] Project.yml created at /Users/dtubb/Desktop/Fichero_Output_luke/luke/project.yml
[2025-06-12 20:00:12,214: INFO/ForkPoolWorker-38] Project.yml exists after creation: True
[2025-06-12 20:01:53,266: INFO/ForkPoolWorker-38] Task process_folder[9a0565f4-aa58-422c-a047-7fd81a9e99de] succeeded in 101.08109599997988s: True
[2025-06-12 20:11:48,249: INFO/MainProcess] Task process_folder[f0859a60-7b6a-4930-9a97-5b32a8ee68ce] received
[2025-06-12 20:11:48,277: INFO/ForkPoolWorker-39] Creating project.yml at /Users/dtubb/Desktop/Fichero_Output_demo/EAP1477_GHC_B05_Doc02/project.yml
[2025-06-12 20:11:48,278: INFO/ForkPoolWorker-39] Using template from /Users/dtubb/code/fichero_main/fichero/src/fichero/resources/plans/plans.yml
[2025-06-12 20:11:48,278: INFO/ForkPoolWorker-39] Template exists: True
[2025-06-12 20:11:48,278: INFO/ForkPoolWorker-39] Folder path exists: True
[2025-06-12 20:11:48,279: INFO/ForkPoolWorker-39] Folder path is writable: True
[2025-06-12 20:11:48,279: INFO/ForkPoolWorker-39] Starting create_project_yml with:
[2025-06-12 20:11:48,280: INFO/ForkPoolWorker-39]   template_path: /Users/dtubb/code/fichero_main/fichero/src/fichero/resources/plans/plans.yml
[2025-06-12 20:11:48,281: INFO/ForkPoolWorker-39]   target_folder: /Users/dtubb/Desktop/Fichero_Output_demo/EAP1477_GHC_B05_Doc02
[2025-06-12 20:11:48,282: INFO/ForkPoolWorker-39]   output_path: /Users/dtubb/Desktop/Fichero_Output_demo/EAP1477_GHC_B05_Doc02/project.yml
[2025-06-12 20:11:48,282: INFO/ForkPoolWorker-39] Reading template file...
[2025-06-12 20:11:48,283: INFO/ForkPoolWorker-39] Template file read successfully
[2025-06-12 20:11:48,283: INFO/ForkPoolWorker-39] Updating project_folder to: /Users/dtubb/Desktop/Fichero_Output_demo/EAP1477_GHC_B05_Doc02
[2025-06-12 20:11:48,284: INFO/ForkPoolWorker-39] Updating fichero_root to: /Users/dtubb/code/fichero_main/fichero
[2025-06-12 20:11:48,285: INFO/ForkPoolWorker-39] Writing project.yml to: /Users/dtubb/Desktop/Fichero_Output_demo/EAP1477_GHC_B05_Doc02/project.yml
[2025-06-12 20:11:48,285: INFO/ForkPoolWorker-39] Project.yml written successfully
[2025-06-12 20:11:48,286: INFO/ForkPoolWorker-39] Project.yml created at /Users/dtubb/Desktop/Fichero_Output_demo/EAP1477_GHC_B05_Doc02/project.yml
[2025-06-12 20:11:48,286: INFO/ForkPoolWorker-39] Project.yml exists after creation: True
[2025-06-12 20:11:48,355: INFO/MainProcess] Task process_folder[8cceafa9-e6b1-4d57-bd7f-4745aab4fa79] received
[2025-06-12 20:11:48,440: INFO/ForkPoolWorker-28] Creating project.yml at /Users/dtubb/Desktop/Fichero_Output_demo/LFH_AHJM_DOC10141/project.yml
[2025-06-12 20:11:48,444: INFO/ForkPoolWorker-28] Using template from /Users/dtubb/code/fichero_main/fichero/src/fichero/resources/plans/plans.yml
[2025-06-12 20:11:48,444: INFO/ForkPoolWorker-28] Template exists: True
[2025-06-12 20:11:48,445: INFO/ForkPoolWorker-28] Folder path exists: True
[2025-06-12 20:11:48,445: INFO/ForkPoolWorker-28] Folder path is writable: True
[2025-06-12 20:11:48,446: INFO/ForkPoolWorker-28] Starting create_project_yml with:
[2025-06-12 20:11:48,446: INFO/ForkPoolWorker-28]   template_path: /Users/dtubb/code/fichero_main/fichero/src/fichero/resources/plans/plans.yml
[2025-06-12 20:11:48,447: INFO/ForkPoolWorker-28]   target_folder: /Users/dtubb/Desktop/Fichero_Output_demo/LFH_AHJM_DOC10141
[2025-06-12 20:11:48,447: INFO/ForkPoolWorker-28]   output_path: /Users/dtubb/Desktop/Fichero_Output_demo/LFH_AHJM_DOC10141/project.yml
[2025-06-12 20:11:48,447: INFO/ForkPoolWorker-28] Reading template file...
[2025-06-12 20:11:48,448: INFO/ForkPoolWorker-28] Template file read successfully
[2025-06-12 20:11:48,449: INFO/ForkPoolWorker-28] Updating project_folder to: /Users/dtubb/Desktop/Fichero_Output_demo/LFH_AHJM_DOC10141
[2025-06-12 20:11:48,450: INFO/ForkPoolWorker-28] Updating fichero_root to: /Users/dtubb/code/fichero_main/fichero
[2025-06-12 20:11:48,451: INFO/ForkPoolWorker-28] Writing project.yml to: /Users/dtubb/Desktop/Fichero_Output_demo/LFH_AHJM_DOC10141/project.yml
[2025-06-12 20:11:48,452: INFO/ForkPoolWorker-28] Project.yml written successfully
[2025-06-12 20:11:48,452: INFO/ForkPoolWorker-28] Project.yml created at /Users/dtubb/Desktop/Fichero_Output_demo/LFH_AHJM_DOC10141/project.yml
[2025-06-12 20:11:48,452: INFO/ForkPoolWorker-28] Project.yml exists after creation: True
[2025-06-12 20:14:03,613: INFO/ForkPoolWorker-39] Task process_folder[f0859a60-7b6a-4930-9a97-5b32a8ee68ce] succeeded in 135.3560117080051s: True
[2025-06-12 20:14:35,896: INFO/ForkPoolWorker-28] Task process_folder[8cceafa9-e6b1-4d57-bd7f-4745aab4fa79] succeeded in 167.50315937498817s: True
[2025-06-12 20:16:15,984: INFO/MainProcess] Task process_folder[8de8b36d-35f7-4c33-bf46-5e892170b2b8] received
[2025-06-12 20:16:16,016: INFO/ForkPoolWorker-40] Creating project.yml at /Users/dtubb/Desktop/Fichero_Output_demo/EAP1477_GHC_B05_Doc02/project.yml
[2025-06-12 20:16:16,018: INFO/ForkPoolWorker-40] Using template from /Users/dtubb/code/fichero_main/fichero/src/fichero/resources/plans/plans.yml
[2025-06-12 20:16:16,019: INFO/ForkPoolWorker-40] Template exists: True
[2025-06-12 20:16:16,019: INFO/ForkPoolWorker-40] Folder path exists: True
[2025-06-12 20:16:16,020: INFO/ForkPoolWorker-40] Folder path is writable: True
[2025-06-12 20:16:16,020: INFO/ForkPoolWorker-40] Starting create_project_yml with:
[2025-06-12 20:16:16,021: INFO/ForkPoolWorker-40]   template_path: /Users/dtubb/code/fichero_main/fichero/src/fichero/resources/plans/plans.yml
[2025-06-12 20:16:16,021: INFO/ForkPoolWorker-40]   target_folder: /Users/dtubb/Desktop/Fichero_Output_demo/EAP1477_GHC_B05_Doc02
[2025-06-12 20:16:16,021: INFO/ForkPoolWorker-40]   output_path: /Users/dtubb/Desktop/Fichero_Output_demo/EAP1477_GHC_B05_Doc02/project.yml
[2025-06-12 20:16:16,021: INFO/ForkPoolWorker-40] Reading template file...
[2025-06-12 20:16:16,022: INFO/ForkPoolWorker-40] Template file read successfully
[2025-06-12 20:16:16,022: INFO/ForkPoolWorker-40] Updating project_folder to: /Users/dtubb/Desktop/Fichero_Output_demo/EAP1477_GHC_B05_Doc02
[2025-06-12 20:16:16,023: INFO/ForkPoolWorker-40] Updating fichero_root to: /Users/dtubb/code/fichero_main/fichero
[2025-06-12 20:16:16,023: INFO/ForkPoolWorker-40] Writing project.yml to: /Users/dtubb/Desktop/Fichero_Output_demo/EAP1477_GHC_B05_Doc02/project.yml
[2025-06-12 20:16:16,024: INFO/ForkPoolWorker-40] Project.yml written successfully
[2025-06-12 20:16:16,025: INFO/ForkPoolWorker-40] Project.yml created at /Users/dtubb/Desktop/Fichero_Output_demo/EAP1477_GHC_B05_Doc02/project.yml
[2025-06-12 20:16:16,025: INFO/ForkPoolWorker-40] Project.yml exists after creation: True
[2025-06-12 20:16:16,090: INFO/MainProcess] Task process_folder[288c4ec8-0a4c-4e19-9235-3979c7fa480a] received
[2025-06-12 20:16:16,103: INFO/ForkPoolWorker-41] Creating project.yml at /Users/dtubb/Desktop/Fichero_Output_demo/LFH_AHJM_DOC10141/project.yml
[2025-06-12 20:16:16,104: INFO/ForkPoolWorker-41] Using template from /Users/dtubb/code/fichero_main/fichero/src/fichero/resources/plans/plans.yml
[2025-06-12 20:16:16,105: INFO/ForkPoolWorker-41] Template exists: True
[2025-06-12 20:16:16,105: INFO/ForkPoolWorker-41] Folder path exists: True
[2025-06-12 20:16:16,106: INFO/ForkPoolWorker-41] Folder path is writable: True
[2025-06-12 20:16:16,107: INFO/ForkPoolWorker-41] Starting create_project_yml with:
[2025-06-12 20:16:16,108: INFO/ForkPoolWorker-41]   template_path: /Users/dtubb/code/fichero_main/fichero/src/fichero/resources/plans/plans.yml
[2025-06-12 20:16:16,108: INFO/ForkPoolWorker-41]   target_folder: /Users/dtubb/Desktop/Fichero_Output_demo/LFH_AHJM_DOC10141
[2025-06-12 20:16:16,109: INFO/ForkPoolWorker-41]   output_path: /Users/dtubb/Desktop/Fichero_Output_demo/LFH_AHJM_DOC10141/project.yml
[2025-06-12 20:16:16,109: INFO/ForkPoolWorker-41] Reading template file...
[2025-06-12 20:16:16,110: INFO/ForkPoolWorker-41] Template file read successfully
[2025-06-12 20:16:16,110: INFO/ForkPoolWorker-41] Updating project_folder to: /Users/dtubb/Desktop/Fichero_Output_demo/LFH_AHJM_DOC10141
[2025-06-12 20:16:16,111: INFO/ForkPoolWorker-41] Updating fichero_root to: /Users/dtubb/code/fichero_main/fichero
[2025-06-12 20:16:16,111: INFO/ForkPoolWorker-41] Writing project.yml to: /Users/dtubb/Desktop/Fichero_Output_demo/LFH_AHJM_DOC10141/project.yml
[2025-06-12 20:16:16,112: INFO/ForkPoolWorker-41] Project.yml written successfully
[2025-06-12 20:16:16,112: INFO/ForkPoolWorker-41] Project.yml created at /Users/dtubb/Desktop/Fichero_Output_demo/LFH_AHJM_DOC10141/project.yml
[2025-06-12 20:16:16,117: INFO/ForkPoolWorker-41] Project.yml exists after creation: True
[2025-06-12 20:16:25,952: INFO/ForkPoolWorker-41] Task process_folder[288c4ec8-0a4c-4e19-9235-3979c7fa480a] succeeded in 9.859801665996201s: True
[2025-06-12 20:16:26,021: INFO/ForkPoolWorker-40] Task process_folder[8de8b36d-35f7-4c33-bf46-5e892170b2b8] succeeded in 10.030441291019088s: True
[2025-06-12 20:20:03,295: INFO/MainProcess] Task process_folder[e52fb33f-56e1-44b9-a2f2-1f6b1340eddb] received
[2025-06-12 20:20:03,318: INFO/ForkPoolWorker-43] Creating project.yml at /Users/dtubb/Desktop/Fichero_Output_demo/EAP1477_GHC_B05_Doc02/project.yml
[2025-06-12 20:20:03,319: INFO/ForkPoolWorker-43] Using template from /Users/dtubb/code/fichero_main/fichero/src/fichero/resources/plans/plans.yml
[2025-06-12 20:20:03,320: INFO/ForkPoolWorker-43] Template exists: True
[2025-06-12 20:20:03,321: INFO/ForkPoolWorker-43] Folder path exists: True
[2025-06-12 20:20:03,321: INFO/ForkPoolWorker-43] Folder path is writable: True
[2025-06-12 20:20:03,321: INFO/ForkPoolWorker-43] Starting create_project_yml with:
[2025-06-12 20:20:03,322: INFO/ForkPoolWorker-43]   template_path: /Users/dtubb/code/fichero_main/fichero/src/fichero/resources/plans/plans.yml
[2025-06-12 20:20:03,322: INFO/ForkPoolWorker-43]   target_folder: /Users/dtubb/Desktop/Fichero_Output_demo/EAP1477_GHC_B05_Doc02
[2025-06-12 20:20:03,323: INFO/ForkPoolWorker-43]   output_path: /Users/dtubb/Desktop/Fichero_Output_demo/EAP1477_GHC_B05_Doc02/project.yml
[2025-06-12 20:20:03,323: INFO/ForkPoolWorker-43] Reading template file...
[2025-06-12 20:20:03,323: INFO/ForkPoolWorker-43] Template file read successfully
[2025-06-12 20:20:03,324: INFO/ForkPoolWorker-43] Updating project_folder to: /Users/dtubb/Desktop/Fichero_Output_demo/EAP1477_GHC_B05_Doc02
[2025-06-12 20:20:03,326: INFO/ForkPoolWorker-43] Updating fichero_root to: /Users/dtubb/code/fichero_main/fichero
[2025-06-12 20:20:03,327: INFO/ForkPoolWorker-43] Writing project.yml to: /Users/dtubb/Desktop/Fichero_Output_demo/EAP1477_GHC_B05_Doc02/project.yml
[2025-06-12 20:20:03,328: INFO/ForkPoolWorker-43] Project.yml written successfully
[2025-06-12 20:20:03,329: INFO/ForkPoolWorker-43] Project.yml created at /Users/dtubb/Desktop/Fichero_Output_demo/EAP1477_GHC_B05_Doc02/project.yml
[2025-06-12 20:20:03,329: INFO/ForkPoolWorker-43] Project.yml exists after creation: True
[2025-06-12 20:20:03,400: INFO/MainProcess] Task process_folder[920068e1-1a1e-4a8e-ab7f-3a599926393b] received
[2025-06-12 20:20:03,415: INFO/ForkPoolWorker-42] Creating project.yml at /Users/dtubb/Desktop/Fichero_Output_demo/LFH_AHJM_DOC10141/project.yml
[2025-06-12 20:20:03,416: INFO/ForkPoolWorker-42] Using template from /Users/dtubb/code/fichero_main/fichero/src/fichero/resources/plans/plans.yml
[2025-06-12 20:20:03,417: INFO/ForkPoolWorker-42] Template exists: True
[2025-06-12 20:20:03,417: INFO/ForkPoolWorker-42] Folder path exists: True
[2025-06-12 20:20:03,418: INFO/ForkPoolWorker-42] Folder path is writable: True
[2025-06-12 20:20:03,418: INFO/ForkPoolWorker-42] Starting create_project_yml with:
[2025-06-12 20:20:03,418: INFO/ForkPoolWorker-42]   template_path: /Users/dtubb/code/fichero_main/fichero/src/fichero/resources/plans/plans.yml
[2025-06-12 20:20:03,419: INFO/ForkPoolWorker-42]   target_folder: /Users/dtubb/Desktop/Fichero_Output_demo/LFH_AHJM_DOC10141
[2025-06-12 20:20:03,419: INFO/ForkPoolWorker-42]   output_path: /Users/dtubb/Desktop/Fichero_Output_demo/LFH_AHJM_DOC10141/project.yml
[2025-06-12 20:20:03,420: INFO/ForkPoolWorker-42] Reading template file...
[2025-06-12 20:20:03,420: INFO/ForkPoolWorker-42] Template file read successfully
[2025-06-12 20:20:03,420: INFO/ForkPoolWorker-42] Updating project_folder to: /Users/dtubb/Desktop/Fichero_Output_demo/LFH_AHJM_DOC10141
[2025-06-12 20:20:03,421: INFO/ForkPoolWorker-42] Updating fichero_root to: /Users/dtubb/code/fichero_main/fichero
[2025-06-12 20:20:03,422: INFO/ForkPoolWorker-42] Writing project.yml to: /Users/dtubb/Desktop/Fichero_Output_demo/LFH_AHJM_DOC10141/project.yml
[2025-06-12 20:20:03,422: INFO/ForkPoolWorker-42] Project.yml written successfully
[2025-06-12 20:20:03,423: INFO/ForkPoolWorker-42] Project.yml created at /Users/dtubb/Desktop/Fichero_Output_demo/LFH_AHJM_DOC10141/project.yml
[2025-06-12 20:20:03,423: INFO/ForkPoolWorker-42] Project.yml exists after creation: True
[2025-06-12 20:20:14,394: INFO/ForkPoolWorker-43] Task process_folder[e52fb33f-56e1-44b9-a2f2-1f6b1340eddb] succeeded in 11.090793000010308s: True
[2025-06-12 20:20:14,394: INFO/ForkPoolWorker-42] Task process_folder[920068e1-1a1e-4a8e-ab7f-3a599926393b] succeeded in 10.988825959007954s: True
[2025-06-12 20:47:41,560: INFO/MainProcess] Task process_folder[b10e12d8-9f05-4ec3-af88-ee02f5a4bbd5] received
[2025-06-12 20:47:41,602: INFO/ForkPoolWorker-45] Creating project.yml at /Users/dtubb/Desktop/Fichero_Output_demo/EAP1477_GHC_B05_Doc02/project.yml
[2025-06-12 20:47:41,603: INFO/ForkPoolWorker-45] Using template from /Users/dtubb/code/fichero_main/fichero/src/fichero/resources/plans/plans.yml
[2025-06-12 20:47:41,604: INFO/ForkPoolWorker-45] Template exists: True
[2025-06-12 20:47:41,604: INFO/ForkPoolWorker-45] Folder path exists: True
[2025-06-12 20:47:41,604: INFO/ForkPoolWorker-45] Folder path is writable: True
[2025-06-12 20:47:41,605: INFO/ForkPoolWorker-45] Starting create_project_yml with:
[2025-06-12 20:47:41,605: INFO/ForkPoolWorker-45]   template_path: /Users/dtubb/code/fichero_main/fichero/src/fichero/resources/plans/plans.yml
[2025-06-12 20:47:41,605: INFO/ForkPoolWorker-45]   target_folder: /Users/dtubb/Desktop/Fichero_Output_demo/EAP1477_GHC_B05_Doc02
[2025-06-12 20:47:41,606: INFO/ForkPoolWorker-45]   output_path: /Users/dtubb/Desktop/Fichero_Output_demo/EAP1477_GHC_B05_Doc02/project.yml
[2025-06-12 20:47:41,606: INFO/ForkPoolWorker-45] Reading template file...
[2025-06-12 20:47:41,606: INFO/ForkPoolWorker-45] Template file read successfully
[2025-06-12 20:47:41,607: INFO/ForkPoolWorker-45] Updating project_folder to: /Users/dtubb/Desktop/Fichero_Output_demo/EAP1477_GHC_B05_Doc02
[2025-06-12 20:47:41,607: INFO/ForkPoolWorker-45] Updating fichero_root to: /Users/dtubb/code/fichero_main/fichero
[2025-06-12 20:47:41,608: INFO/ForkPoolWorker-45] Writing project.yml to: /Users/dtubb/Desktop/Fichero_Output_demo/EAP1477_GHC_B05_Doc02/project.yml
[2025-06-12 20:47:41,609: INFO/ForkPoolWorker-45] Project.yml written successfully
[2025-06-12 20:47:41,609: INFO/ForkPoolWorker-45] Project.yml created at /Users/dtubb/Desktop/Fichero_Output_demo/EAP1477_GHC_B05_Doc02/project.yml
[2025-06-12 20:47:41,610: INFO/ForkPoolWorker-45] Project.yml exists after creation: True
[2025-06-12 20:47:41,672: INFO/MainProcess] Task process_folder[ec16f4df-e477-454e-a639-27313ab4925f] received
[2025-06-12 20:47:41,701: INFO/ForkPoolWorker-44] Creating project.yml at /Users/dtubb/Desktop/Fichero_Output_demo/LFH_AHJM_DOC10141/project.yml
[2025-06-12 20:47:41,703: INFO/ForkPoolWorker-44] Using template from /Users/dtubb/code/fichero_main/fichero/src/fichero/resources/plans/plans.yml
[2025-06-12 20:47:41,704: INFO/ForkPoolWorker-44] Template exists: True
[2025-06-12 20:47:41,705: INFO/ForkPoolWorker-44] Folder path exists: True
[2025-06-12 20:47:41,706: INFO/ForkPoolWorker-44] Folder path is writable: True
[2025-06-12 20:47:41,707: INFO/ForkPoolWorker-44] Starting create_project_yml with:
[2025-06-12 20:47:41,708: INFO/ForkPoolWorker-44]   template_path: /Users/dtubb/code/fichero_main/fichero/src/fichero/resources/plans/plans.yml
[2025-06-12 20:47:41,709: INFO/ForkPoolWorker-44]   target_folder: /Users/dtubb/Desktop/Fichero_Output_demo/LFH_AHJM_DOC10141
[2025-06-12 20:47:41,710: INFO/ForkPoolWorker-44]   output_path: /Users/dtubb/Desktop/Fichero_Output_demo/LFH_AHJM_DOC10141/project.yml
[2025-06-12 20:47:41,710: INFO/ForkPoolWorker-44] Reading template file...
[2025-06-12 20:47:41,711: INFO/ForkPoolWorker-44] Template file read successfully
[2025-06-12 20:47:41,712: INFO/ForkPoolWorker-44] Updating project_folder to: /Users/dtubb/Desktop/Fichero_Output_demo/LFH_AHJM_DOC10141
[2025-06-12 20:47:41,713: INFO/ForkPoolWorker-44] Updating fichero_root to: /Users/dtubb/code/fichero_main/fichero
[2025-06-12 20:47:41,713: INFO/ForkPoolWorker-44] Writing project.yml to: /Users/dtubb/Desktop/Fichero_Output_demo/LFH_AHJM_DOC10141/project.yml
[2025-06-12 20:47:41,715: INFO/ForkPoolWorker-44] Project.yml written successfully
[2025-06-12 20:47:41,718: INFO/ForkPoolWorker-44] Project.yml created at /Users/dtubb/Desktop/Fichero_Output_demo/LFH_AHJM_DOC10141/project.yml
[2025-06-12 20:47:41,719: INFO/ForkPoolWorker-44] Project.yml exists after creation: True
[2025-06-12 20:50:11,124: INFO/ForkPoolWorker-45] Task process_folder[b10e12d8-9f05-4ec3-af88-ee02f5a4bbd5] succeeded in 149.54621783300536s: True
[2025-06-12 20:50:29,584: INFO/ForkPoolWorker-44] Task process_folder[ec16f4df-e477-454e-a639-27313ab4925f] succeeded in 167.90474637498846s: True
[2025-06-12 21:24:45,661: INFO/MainProcess] Task process_folder[30b77fe0-9d31-4249-bd0a-bb1faef9657a] received
[2025-06-12 21:24:45,693: INFO/ForkPoolWorker-46] Creating project.yml at /Users/dtubb/Desktop/demo_output/demo/project.yml
[2025-06-12 21:24:45,695: INFO/ForkPoolWorker-46] Using template from /Users/dtubb/code/fichero_main/fichero/build/fichero/macos/app/Fichero.app/Contents/Resources/app/fichero/resources/plans/plans.yml
[2025-06-12 21:24:45,696: INFO/ForkPoolWorker-46] Template exists: True
[2025-06-12 21:24:45,696: INFO/ForkPoolWorker-46] Folder path exists: True
[2025-06-12 21:24:45,696: INFO/ForkPoolWorker-46] Folder path is writable: True
[2025-06-12 21:24:45,697: INFO/ForkPoolWorker-46] Starting create_project_yml with:
[2025-06-12 21:24:45,697: INFO/ForkPoolWorker-46]   template_path: /Users/dtubb/code/fichero_main/fichero/build/fichero/macos/app/Fichero.app/Contents/Resources/app/fichero/resources/plans/plans.yml
[2025-06-12 21:24:45,697: INFO/ForkPoolWorker-46]   target_folder: /Users/dtubb/Desktop/demo_output/demo
[2025-06-12 21:24:45,698: INFO/ForkPoolWorker-46]   output_path: /Users/dtubb/Desktop/demo_output/demo/project.yml
[2025-06-12 21:24:45,698: INFO/ForkPoolWorker-46] Reading template file...
[2025-06-12 21:24:45,698: INFO/ForkPoolWorker-46] Template file read successfully
[2025-06-12 21:24:45,699: INFO/ForkPoolWorker-46] Updating project_folder to: /Users/dtubb/Desktop/demo_output/demo
[2025-06-12 21:24:45,700: INFO/ForkPoolWorker-46] Updating fichero_root to: /Users/dtubb/code/fichero_main/fichero
[2025-06-12 21:24:45,700: INFO/ForkPoolWorker-46] Writing project.yml to: /Users/dtubb/Desktop/demo_output/demo/project.yml
[2025-06-12 21:24:45,701: INFO/ForkPoolWorker-46] Project.yml written successfully
[2025-06-12 21:24:45,701: INFO/ForkPoolWorker-46] Project.yml created at /Users/dtubb/Desktop/demo_output/demo/project.yml
[2025-06-12 21:24:45,702: INFO/ForkPoolWorker-46] Project.yml exists after creation: True
[2025-06-12 21:27:26,438: INFO/ForkPoolWorker-46] Task process_folder[30b77fe0-9d31-4249-bd0a-bb1faef9657a] succeeded in 160.72797974999412s: True
